  main.cpp
C:\Users\Denis\source\repos\todo-app\todo-app\main.cpp(7,18): warning C4566: символ, представленный универсальным именем символа "\u2554", невозможно представить в текущей кодовой странице (1251)
C:\Users\Denis\source\repos\todo-app\todo-app\main.cpp(7,18): warning C4566: символ, представленный универсальным именем символа "\u2550", невозможно представить в текущей кодовой странице (1251)
C:\Users\Denis\source\repos\todo-app\todo-app\main.cpp(7,18): warning C4566: символ, представленный универсальным именем символа "\u2557", невозможно представить в текущей кодовой странице (1251)
C:\Users\Denis\source\repos\todo-app\todo-app\main.cpp(8,18): warning C4566: символ, представленный универсальным именем символа "\u2551", невозможно представить в текущей кодовой странице (1251)
C:\Users\Denis\source\repos\todo-app\todo-app\main.cpp(9,18): warning C4566: символ, представленный универсальным именем символа "\u2560", невозможно представить в текущей кодовой странице (1251)
C:\Users\Denis\source\repos\todo-app\todo-app\main.cpp(9,18): warning C4566: символ, представленный универсальным именем символа "\u2550", невозможно представить в текущей кодовой странице (1251)
C:\Users\Denis\source\repos\todo-app\todo-app\main.cpp(9,18): warning C4566: символ, представленный универсальным именем символа "\u2563", невозможно представить в текущей кодовой странице (1251)
C:\Users\Denis\source\repos\todo-app\todo-app\main.cpp(10,18): warning C4566: символ, представленный универсальным именем символа "\u2551", невозможно представить в текущей кодовой странице (1251)
C:\Users\Denis\source\repos\todo-app\todo-app\main.cpp(11,18): warning C4566: символ, представленный универсальным именем символа "\u2551", невозможно представить в текущей кодовой странице (1251)
C:\Users\Denis\source\repos\todo-app\todo-app\main.cpp(12,18): warning C4566: символ, представленный универсальным именем символа "\u2551", невозможно представить в текущей кодовой странице (1251)
C:\Users\Denis\source\repos\todo-app\todo-app\main.cpp(13,18): warning C4566: символ, представленный универсальным именем символа "\u2551", невозможно представить в текущей кодовой странице (1251)
C:\Users\Denis\source\repos\todo-app\todo-app\main.cpp(14,18): warning C4566: символ, представленный универсальным именем символа "\u2551", невозможно представить в текущей кодовой странице (1251)
C:\Users\Denis\source\repos\todo-app\todo-app\main.cpp(15,18): warning C4566: символ, представленный универсальным именем символа "\u2551", невозможно представить в текущей кодовой странице (1251)
C:\Users\Denis\source\repos\todo-app\todo-app\main.cpp(16,18): warning C4566: символ, представленный универсальным именем символа "\u2551", невозможно представить в текущей кодовой странице (1251)
C:\Users\Denis\source\repos\todo-app\todo-app\main.cpp(17,18): warning C4566: символ, представленный универсальным именем символа "\u2551", невозможно представить в текущей кодовой странице (1251)
C:\Users\Denis\source\repos\todo-app\todo-app\main.cpp(18,18): warning C4566: символ, представленный универсальным именем символа "\u255A", невозможно представить в текущей кодовой странице (1251)
C:\Users\Denis\source\repos\todo-app\todo-app\main.cpp(18,18): warning C4566: символ, представленный универсальным именем символа "\u2550", невозможно представить в текущей кодовой странице (1251)
C:\Users\Denis\source\repos\todo-app\todo-app\main.cpp(18,18): warning C4566: символ, представленный универсальным именем символа "\u255D", невозможно представить в текущей кодовой странице (1251)
  Task.cpp
  TaskManager.cpp
  Создание кода...
  todo-app.vcxproj -> C:\Users\Denis\source\repos\todo-app\x64\Debug\todo-app.exe
